<html>
<body>
<pre>
<h1>µVision Build Log</h1>
<h2>Tool Versions:</h2>
IDE-Version: µVision V5.27.1.0
Copyright (C) 2019 ARM Ltd and ARM Germany GmbH. All rights reserved.
License Information: Tuan luu, isi, LIC=58545-G7991-LCCJF-6UN18-PR171-HRXPU
 
Tool Versions:
Toolchain:       MDK-ARM Plus  Version: 5.27.1.0
Toolchain Path:  C:\Keil_v5\ARM\ARMCC\Bin
C Compiler:      Armcc.exe V5.06 update 6 (build 750)
Assembler:       Armasm.exe V5.06 update 6 (build 750)
Linker/Locator:  ArmLink.exe V5.06 update 6 (build 750)
Library Manager: ArmAr.exe V5.06 update 6 (build 750)
Hex Converter:   FromElf.exe V5.06 update 6 (build 750)
CPU DLL:         SARMCM3.DLL V5.27.1.0
Dialog DLL:      DCM.DLL V1.17.2.0
Target DLL:      STLink\ST-LINKIII-KEIL_SWO.dll V3.0.6.0
Dialog DLL:      TCM.DLL V1.36.1.0
 
<h2>Project:</h2>
F:\NHOM_NC\4.mang pha ve tinh tc2\thiet ke\SW\VCO_ADF4355_TC2\VCO_ADF4355_TC2_df_4p0G\MDK-ARM\VCO_ADF4355_TC2.uvprojx
Project File Date:  08/30/2019

<h2>Output:</h2>
*** Using Compiler 'V5.06 update 6 (build 750)', folder: 'C:\Keil_v5\ARM\ARMCC\Bin'
Rebuild target 'VCO_ADF4355_TC2'
assembling startup_stm32f103xe.s...
compiling stm32f1xx_hal_msp.c...
compiling system_stm32f1xx.c...
compiling main.c...
../Src/main.c(190): warning:  #188-D: enumerated type mixed with another type
  				_CE_HIGH;
../Src/main.c(194): warning:  #188-D: enumerated type mixed with another type
  				_LE_HIGH;
../Src/main.c(195): warning:  #188-D: enumerated type mixed with another type
  				_CLK_LOW;
../Src/main.c(196): warning:  #188-D: enumerated type mixed with another type
  				HAL_GPIO_WritePin(VCO_DATA_GPIO_Port,VCO_DATA_Pin,0);
../Src/main.c(215): warning:  #61-D: integer operation result is out of range
  	uint32_t Mask_Filter 						= (0x1FFFFFFC 			<< 3)| Mask_IDE |Mask_RTR;   // 1: bit do duoc so sanh, 0: bo qua khong duoc so sanh: loc ca kieu dia chi va kieu du lieu: data or remote
../Src/main.c(240): warning:  #188-D: enumerated type mixed with another type
  	HAL_GPIO_WritePin(LED_User_GPIO_Port,LED_User_Pin,1);		// bat
../Src/main.c(242): warning:  #188-D: enumerated type mixed with another type
  	HAL_GPIO_WritePin(LED_User_GPIO_Port,LED_User_Pin,0);		// bat
../Src/main.c(293): warning:  #188-D: enumerated type mixed with another type
  				_LE_HIGH;
../Src/main.c(294): warning:  #188-D: enumerated type mixed with another type
  				_CLK_LOW;
../Src/main.c(295): warning:  #188-D: enumerated type mixed with another type
  				HAL_GPIO_WritePin(VCO_DATA_GPIO_Port,VCO_DATA_Pin,0);
../Src/main.c(297): warning:  #188-D: enumerated type mixed with another type
  			 HAL_GPIO_WritePin(LED_User_GPIO_Port,LED_User_Pin,1);		// bat
../Src/main.c(299): warning:  #188-D: enumerated type mixed with another type
  			 HAL_GPIO_WritePin(LED_User_GPIO_Port,LED_User_Pin,0);		// tat		
../Src/main.c(519): warning:  #188-D: enumerated type mixed with another type
      _LE_LOW;
../Src/main.c(523): warning:  #188-D: enumerated type mixed with another type
  			HAL_GPIO_WritePin(VCO_DATA_GPIO_Port,VCO_DATA_Pin,(REG_VALUE >>(31-i)) & 1);
../Src/main.c(525): warning:  #188-D: enumerated type mixed with another type
  			_CLK_HIGH;
../Src/main.c(527): warning:  #188-D: enumerated type mixed with another type
  			_CLK_LOW;
../Src/main.c(530): warning:  #188-D: enumerated type mixed with another type
      _LE_HIGH;
../Src/main.c: 17 warnings, 0 errors
compiling stm32f1xx_it.c...
compiling stm32f1xx_hal_gpio.c...
compiling stm32f1xx_hal_flash.c...
compiling stm32f1xx_hal_cortex.c...
compiling stm32f1xx_hal_tim_ex.c...
compiling stm32f1xx_hal_tim.c...
compiling stm32f1xx_hal_pwr.c...
compiling stm32f1xx_hal_gpio_ex.c...
compiling stm32f1xx_hal_rcc_ex.c...
compiling stm32f1xx_hal_flash_ex.c...
compiling stm32f1xx_hal_can.c...
compiling stm32f1xx_hal_dma.c...
compiling stm32f1xx_hal.c...
compiling stm32f1xx_hal_rcc.c...
linking...
Program Size: Code=7732 RO-data=352 RW-data=120 ZI-data=1096  
FromELF: creating hex file...
"VCO_ADF4355_TC2\VCO_ADF4355_default_4G0_5dBm.axf" - 0 Error(s), 17 Warning(s).

<h2>Software Packages used:</h2>

Package Vendor: ARM
                http://www.keil.com/pack/ARM.CMSIS.5.5.1.pack
                ARM.CMSIS.5.5.1
                CMSIS (Cortex Microcontroller Software Interface Standard)
   * Component: CORE Version: 5.2.0

Package Vendor: Keil
                http://www.keil.com/pack/Keil.STM32F1xx_DFP.2.3.0.pack
                Keil.STM32F1xx_DFP.2.3.0
                STMicroelectronics STM32F1 Series Device Support, Drivers and Examples

<h2>Collection of Component include folders:</h2>
  .\RTE\_VCO_ADF4355_TC2
  C:\Users\Tuanluu\AppData\Local\Arm\Packs\ARM\CMSIS\5.5.1\CMSIS\Core\Include
  C:\Users\Tuanluu\AppData\Local\Arm\Packs\Keil\STM32F1xx_DFP\2.3.0\Device\Include

<h2>Collection of Component Files used:</h2>

   * Component: ARM::CMSIS:CORE:5.2.0
Build Time Elapsed:  00:00:15
</pre>
</body>
</html>
